
=== populated (80x24) ===
"\u256d sei | Stats \u2500\u2500\u2500\u2500\u2500\u2500\u2500\u2500\u2500\u2500\u2500\u2500\u2500\u2500\u2500\u2500\u2500\u2500\u2500\u2500\u2500\u2500\u2500\u2500\u2500\u2500\u2500\u2500\u2500\u2500\u2500\u2500\u2500\u2500\u2500\u2500\u2500\u2500\u2500\u2500\u2500\u2500\u2500\u2500\u2500\u2500\u2500\u2500\u2500\u2500\u2500\u2500\u2500\u2500\u2500\u2500\u2500\u2500\u2500\u2500\u2500\u2500\u2500\u2500\u2500\u256e"
"\u2502                                                            Since 12 Mar 2026 \u2502"
"\u2502                                                                              \u2502"
"\u2502                                    1,248                                     \u2502"
"\u2502                                skill actions                                 \u2502"
"\u2502                                                                              \u2502"
"\u2502              934 copies                             314 removals             \u2502"
"\u2502            86 active days                      42 actions this month         \u2502"
"\u2502                                                                              \u2502"
"\u2502                                                                              \u2502"
"\u2502 Most copied \u00b7 All time                  Most copied \u00b7 Last 30 days           \u2502"
"\u2502                                                                              \u2502"
"\u2502 code-review                      126    debugging                         18 \u2502"
"\u2502 debugging                         94    testing                           12 \u2502"
"\u2502 writing                           71    code-review                        9 \u2502"
"\u2502 testing                           58                                         \u2502"
"\u2502 research                          43                                         \u2502"
"\u2502                                                                              \u2502"
"\u2502      Copies and removals recorded by sei \u00b7 Last 30 days includes today       \u2502"
"\u2502                                                                              \u2502"
"\u2502                                                                              \u2502"
"\u2502                                                                              \u2502"
"\u2502                                                                              \u2502"
"\u2570 q / Ctrl+C quit \u2500\u2500\u2500\u2500\u2500\u2500\u2500\u2500\u2500\u2500\u2500\u2500\u2500\u2500\u2500\u2500\u2500\u2500\u2500\u2500\u2500\u2500\u2500\u2500\u2500\u2500\u2500\u2500\u2500\u2500\u2500\u2500\u2500\u2500\u2500\u2500\u2500\u2500\u2500\u2500\u2500\u2500\u2500\u2500\u2500\u2500\u2500\u2500\u2500\u2500\u2500\u2500\u2500\u2500\u2500\u2500\u2500\u2500\u2500\u2500\u2500\u256f"

=== desktop (110x30) ===
""
""
""
"     \u256d sei | Stats \u2500\u2500\u2500\u2500\u2500\u2500\u2500\u2500\u2500\u2500\u2500\u2500\u2500\u2500\u2500\u2500\u2500\u2500\u2500\u2500\u2500\u2500\u2500\u2500\u2500\u2500\u2500\u2500\u2500\u2500\u2500\u2500\u2500\u2500\u2500\u2500\u2500\u2500\u2500\u2500\u2500\u2500\u2500\u2500\u2500\u2500\u2500\u2500\u2500\u2500\u2500\u2500\u2500\u2500\u2500\u2500\u2500\u2500\u2500\u2500\u2500\u2500\u2500\u2500\u2500\u2500\u2500\u2500\u2500\u2500\u2500\u2500\u2500\u2500\u2500\u2500\u2500\u2500\u2500\u2500\u2500\u2500\u2500\u2500\u2500\u256e"
"     \u2502                                                                                Since 12 Mar 2026 \u2502"
"     \u2502                                                                                                  \u2502"
"     \u2502                                              1,248                                               \u2502"
"     \u2502                                          skill actions                                           \u2502"
"     \u2502                                                                                                  \u2502"
"     \u2502                   934 copies                                       314 removals                  \u2502"
"     \u2502                 86 active days                                42 actions this month              \u2502"
"     \u2502                                                                                                  \u2502"
"     \u2502                                                                                                  \u2502"
"     \u2502 Most copied \u00b7 All time                            Most copied \u00b7 Last 30 days                     \u2502"
"     \u2502                                                                                                  \u2502"
"     \u2502 code-review                                126    debugging                                   18 \u2502"
"     \u2502 debugging                                   94    testing                                     12 \u2502"
"     \u2502 writing                                     71    code-review                                  9 \u2502"
"     \u2502 testing                                     58                                                   \u2502"
"     \u2502 research                                    43                                                   \u2502"
"     \u2502                                                                                                  \u2502"
"     \u2502                Copies and removals recorded by sei \u00b7 Last 30 days includes today                 \u2502"
"     \u2502                                                                                                  \u2502"
"     \u2502                                                                                                  \u2502"
"     \u2502                                                                                                  \u2502"
"     \u2502                                                                                                  \u2502"
"     \u2570 q / Ctrl+C quit \u2500\u2500\u2500\u2500\u2500\u2500\u2500\u2500\u2500\u2500\u2500\u2500\u2500\u2500\u2500\u2500\u2500\u2500\u2500\u2500\u2500\u2500\u2500\u2500\u2500\u2500\u2500\u2500\u2500\u2500\u2500\u2500\u2500\u2500\u2500\u2500\u2500\u2500\u2500\u2500\u2500\u2500\u2500\u2500\u2500\u2500\u2500\u2500\u2500\u2500\u2500\u2500\u2500\u2500\u2500\u2500\u2500\u2500\u2500\u2500\u2500\u2500\u2500\u2500\u2500\u2500\u2500\u2500\u2500\u2500\u2500\u2500\u2500\u2500\u2500\u2500\u2500\u2500\u2500\u2500\u2500\u256f"
""
""
""

=== empty (80x24) ===
"\u256d sei | Stats \u2500\u2500\u2500\u2500\u2500\u2500\u2500\u2500\u2500\u2500\u2500\u2500\u2500\u2500\u2500\u2500\u2500\u2500\u2500\u2500\u2500\u2500\u2500\u2500\u2500\u2500\u2500\u2500\u2500\u2500\u2500\u2500\u2500\u2500\u2500\u2500\u2500\u2500\u2500\u2500\u2500\u2500\u2500\u2500\u2500\u2500\u2500\u2500\u2500\u2500\u2500\u2500\u2500\u2500\u2500\u2500\u2500\u2500\u2500\u2500\u2500\u2500\u2500\u2500\u2500\u256e"
"\u2502                                                                              \u2502"
"\u2502                                                                              \u2502"
"\u2502                                      0                                       \u2502"
"\u2502                                skill actions                                 \u2502"
"\u2502                                                                              \u2502"
"\u2502               0 copies                               0 removals              \u2502"
"\u2502            0 active days                        0 actions this month         \u2502"
"\u2502                                                                              \u2502"
"\u2502                                                                              \u2502"
"\u2502 Most copied \u00b7 All time                  Most copied \u00b7 Last 30 days           \u2502"
"\u2502                                                                              \u2502"
"\u2502 No copies in this period                No copies in this period             \u2502"
"\u2502                                                                              \u2502"
"\u2502                                                                              \u2502"
"\u2502                                                                              \u2502"
"\u2502                                                                              \u2502"
"\u2502                                                                              \u2502"
"\u2502           No activity yet. Copy or remove a skill to get started.            \u2502"
"\u2502                                                                              \u2502"
"\u2502                                                                              \u2502"
"\u2502                                                                              \u2502"
"\u2502                                                                              \u2502"
"\u2570 q / Ctrl+C quit \u2500\u2500\u2500\u2500\u2500\u2500\u2500\u2500\u2500\u2500\u2500\u2500\u2500\u2500\u2500\u2500\u2500\u2500\u2500\u2500\u2500\u2500\u2500\u2500\u2500\u2500\u2500\u2500\u2500\u2500\u2500\u2500\u2500\u2500\u2500\u2500\u2500\u2500\u2500\u2500\u2500\u2500\u2500\u2500\u2500\u2500\u2500\u2500\u2500\u2500\u2500\u2500\u2500\u2500\u2500\u2500\u2500\u2500\u2500\u2500\u2500\u256f"

=== loading (80x24) ===
"\u256d sei | Stats \u2500\u2500\u2500\u2500\u2500\u2500\u2500\u2500\u2500\u2500\u2500\u2500\u2500\u2500\u2500\u2500\u2500\u2500\u2500\u2500\u2500\u2500\u2500\u2500\u2500\u2500\u2500\u2500\u2500\u2500\u2500\u2500\u2500\u2500\u2500\u2500\u2500\u2500\u2500\u2500\u2500\u2500\u2500\u2500\u2500\u2500\u2500\u2500\u2500\u2500\u2500\u2500\u2500\u2500\u2500\u2500\u2500\u2500\u2500\u2500\u2500\u2500\u2500\u2500\u2500\u256e"
"\u2502                                                                              \u2502"
"\u2502                                                                              \u2502"
"\u2502                                      0                                       \u2502"
"\u2502                                skill actions                                 \u2502"
"\u2502                                                                              \u2502"
"\u2502               0 copies                               0 removals              \u2502"
"\u2502            0 active days                        0 actions this month         \u2502"
"\u2502                                                                              \u2502"
"\u2502                                                                              \u2502"
"\u2502 Most copied \u00b7 All time                  Most copied \u00b7 Last 30 days           \u2502"
"\u2502                                                                              \u2502"
"\u2502 No copies in this period                No copies in this period             \u2502"
"\u2502                                                                              \u2502"
"\u2502                                                                              \u2502"
"\u2502                                                                              \u2502"
"\u2502                                                                              \u2502"
"\u2502                                                                              \u2502"
"\u2502                               Loading stats...                               \u2502"
"\u2502                                                                              \u2502"
"\u2502                                                                              \u2502"
"\u2502                                                                              \u2502"
"\u2502                                                                              \u2502"
"\u2570 q / Ctrl+C quit \u2500\u2500\u2500\u2500\u2500\u2500\u2500\u2500\u2500\u2500\u2500\u2500\u2500\u2500\u2500\u2500\u2500\u2500\u2500\u2500\u2500\u2500\u2500\u2500\u2500\u2500\u2500\u2500\u2500\u2500\u2500\u2500\u2500\u2500\u2500\u2500\u2500\u2500\u2500\u2500\u2500\u2500\u2500\u2500\u2500\u2500\u2500\u2500\u2500\u2500\u2500\u2500\u2500\u2500\u2500\u2500\u2500\u2500\u2500\u2500\u2500\u256f"

=== undersized (79x23) ===
"sei | Stats"
"Resize to at least 80x24"
"q quit"

=== long-names (80x24) ===
"\u256d sei | Stats \u2500\u2500\u2500\u2500\u2500\u2500\u2500\u2500\u2500\u2500\u2500\u2500\u2500\u2500\u2500\u2500\u2500\u2500\u2500\u2500\u2500\u2500\u2500\u2500\u2500\u2500\u2500\u2500\u2500\u2500\u2500\u2500\u2500\u2500\u2500\u2500\u2500\u2500\u2500\u2500\u2500\u2500\u2500\u2500\u2500\u2500\u2500\u2500\u2500\u2500\u2500\u2500\u2500\u2500\u2500\u2500\u2500\u2500\u2500\u2500\u2500\u2500\u2500\u2500\u2500\u256e"
"\u2502                                                            Since 12 Mar 2026 \u2502"
"\u2502                                                                              \u2502"
"\u2502                                    1,248                                     \u2502"
"\u2502                                skill actions                                 \u2502"
"\u2502                                                                              \u2502"
"\u2502              934 copies                             314 removals             \u2502"
"\u2502            86 active days                      42 actions this month         \u2502"
"\u2502                                                                              \u2502"
"\u2502                                                                              \u2502"
"\u2502 Most copied \u00b7 All time                  Most copied \u00b7 Last 30 days           \u2502"
"\u2502                                                                              \u2502"
"\u2502 \u754c\u754c\u754c\u754c\u754c\u754c\u754c\u754c\u754c\u754c\u754c\u754c\u754c\u754c~  1,234    debugging                         18 \u2502"
"\u2502 bad\\xff\\x1b[2J\\r\\nname             2    testing                           12 \u2502"
"\u2502                                         code-review                        9 \u2502"
"\u2502                                                                              \u2502"
"\u2502                                                                              \u2502"
"\u2502                                                                              \u2502"
"\u2502      Copies and removals recorded by sei \u00b7 Last 30 days includes today       \u2502"
"\u2502                                                                              \u2502"
"\u2502                                                                              \u2502"
"\u2502                                                                              \u2502"
"\u2502                                                                              \u2502"
"\u2570 q / Ctrl+C quit \u2500\u2500\u2500\u2500\u2500\u2500\u2500\u2500\u2500\u2500\u2500\u2500\u2500\u2500\u2500\u2500\u2500\u2500\u2500\u2500\u2500\u2500\u2500\u2500\u2500\u2500\u2500\u2500\u2500\u2500\u2500\u2500\u2500\u2500\u2500\u2500\u2500\u2500\u2500\u2500\u2500\u2500\u2500\u2500\u2500\u2500\u2500\u2500\u2500\u2500\u2500\u2500\u2500\u2500\u2500\u2500\u2500\u2500\u2500\u2500\u2500\u256f"
