Rendered frames: right padding removed; Go escapes encode Unicode/backslashes.
Cell bounds are asserted before encoding. Not terminal screenshots.

=== desktop-empty (143x35) ===
sei | Configured folders | Agents 1-3 / 3
* Library                              | Claude Code / Local               Codex / Local                     OpenCode / Local
focus 0 | ? full target                  focus 1 | add a                   focus 2 | add b                   focus 3 | add c
~/library                                .agent1/skills                    .agent2/skills                    .agent3/skills
> .dot                                   Not created                       Not created                       Not created
  e\u0301-\u754c-wide
  long-name-long-name-long-name-long-~
  look-safe\\x1b[2J\\r\\nspoof
  [blocked: symlink] linked






                                         Claude Code / Global              Codex / Global                    OpenCode / Global
                                         focus g 1 | add A                 focus g 2 | add B                 focus g 3 | add C
                                         ~/.agent1/skills                  ~/.agent2/skills                  ~/.agent3/skills
                                         Not created                       Not created                       Not created









Focused: Library | Selected: .dot
0 library | 1-9 local | g 1-9 global | up/down | r refresh | ? full targets/help
Add from library using header keys; x permanently removes.
Ready
q / ctrl+c quit

=== minimum-mixed (80x24) ===
sei | Configured folders | Agents 1-1 / 3
* Library                  | Claude Code / Local
focus 0 | ? full target      focus 1 | add a
~/library                    .agent1/skills
  .dot                       Empty
  e\u0301-\u754c-wide
  long-name-long-name-lon~
> look-safe\\x1b[2J\\r\\nspo~
  [blocked: symlink] link~
                             Claude Code / Global
                             focus g 1 | add A
                             ~/.agent1/skills
                             Root safety: blocked (? reason)
                             Error: denied\\x1b]52;c;payload\\a


Focused: Library | Selected: look-safe\\x1b[2J\\r\\nspoof
0 library | 1-9 local | g 1-9 global | up/down | r refresh | ? full targets/help
Add from library using header keys; x permanently removes.
Check panel errors; ? for details
q / ctrl+c quit

=== busy-help (80x24) ===
0 library; 1-9 local; g then 1-9 global. Unconfigured slots do nothing.
Up/Down clamp selection; in help scroll. r refreshes listings, not config.
g has no timeout; invalid continuation is consumed. Esc cancels/closes; q/Ctrl+C
 quit. Paste ignored.
Add from library only (existing same-named targets are deleted first, then copie
d):
a: Claude Code / Local; A: Claude Code / Global
b: Codex / Local; B: Codex / Global
c: OpenCode / Local; C: OpenCode / Global
Replacement loses local edits and destination-only files, even if content seems
identical. Not merge or sync.
x: permanently remove from destination only; X does nothing. No confirmation, tr
ash, backup, or undo.
Copy failure may leave a missing or partial destination; no rollback. Retry add
or remove the partial skill.
While working, navigation remains available; extra mutations are ignored and ref
resh waits. Quit waits for completion.
Other agents may also load skills from these folders. sei shows configured folde
r contents, not everything an agent discovers or has loaded.
Result: Add \\\"look-safe\\\\x1b[2J\\\\r\\\\nspoof\\\" to Claude Code / Local (/project/lo
ng-path/long-path/long-path/long-path/long-path/long-path/long-path/long-path/):
 working
Help 7/28 | up/down scroll | ?/Esc close |
Working; q waits for completion | g pending: 1-9 global, Esc cancel

=== busy-quit (80x24) ===
sei | Configured folders | Agents 1-1 / 3
* Library                  | Claude Code / Local
focus 0 | ? full target      focus 1 | add a
~/library                    .agent1/skills
> .dot                       Not created
  e\u0301-\u754c-wide
  long-name-long-name-lon~
  look-safe\\x1b[2J\\r\\nspo~
  [blocked: symlink] link~
                             Claude Code / Global
                             focus g 1 | add A
                             ~/.agent1/skills
                             Not created



Focused: Library | Selected: .dot
0 library | 1-9 local | g 1-9 global | up/down | r refresh | ? full targets/help
Add from library using header keys; x permanently removes.
Add \\\"look-safe\\\\x1b[2J\\\\r\\\\nspoof\\\" to Claude Code / Local (/project/long-path~
Exit requested; waiting for work

=== undersized (79x23) ===
Resize to at least 80x24 (current 79x23).
New mutations disabled; q / ctrl+c quit.
Exit requested; waiting for work

=== nine-agent-focus (80x24) ===
sei | Configured folders | Agents 9-9 / 9
Library                    | * Agent9 / Local
focus 0 | ? full target      focus 9 | add o
/library                     /local9
> a                          > a
  line\\nb                      line\\nb
  z                            z


                             Agent9 / Global
                             focus g 9 | add O
                             /global9
                             > a
                               line\\nb
                               z

Focused: Agent9 / Local | Selected: a
0 library | 1-9 local | g 1-9 global | up/down | r refresh | ? full targets/help
Add from library using header keys; x permanently removes.
Ready
q / ctrl+c quit
